src/app/api/tests/[testId]/route.ts(21,21): error TS2339: Property 'questions' does not exist on type 'TestRecord'.
src/app/api/tests/[testId]/route.ts(21,36): error TS7006: Parameter 'q' implicitly has an 'any' type.
